bin or gapps files not found. please restore ! [04/11/2021 16:18:43]
usage : sh make restore [04/11/2021 16:18:43]
